error[E0277]: the trait bound `NotZerocopy<AU16>: AsBytes` is not satisfied
 --> tests/ui-stable/transmute-bound-src-not-asbytes.rs:9:52
  |
9 | const SRC_NOT_AS_BYTES: AU16 = zerocopy::transmute(NotZerocopy(AU16(0)));
  |                                ------------------- ^^^^^^^^^^^^^^^^^^^^ the trait `AsBytes` is not implemented for `NotZerocopy<AU16>`
  |                                |
  |                                required by a bound introduced by this call
  |
  = help: the following other types implement trait `AsBytes`:
            ()
            AU16
            F32<O>
            F64<O>
            I128<O>
            I16<O>
            I32<O>
            I64<O>
          and $N others
note: required by a bound in `zerocopy::transmute`
 --> src/lib.rs
  |
  |     Src: AsBytes,
  |          ^^^^^^^ required by this bound in `transmute`

error[E0277]: the trait bound `NotZerocopy<AU16>: AsBytes` is not satisfied
 --> tests/ui-stable/transmute-bound-src-not-asbytes.rs:9:32
  |
9 | const SRC_NOT_AS_BYTES: AU16 = zerocopy::transmute(NotZerocopy(AU16(0)));
  |                                ^^^^^^^^^^^^^^^^^^^ the trait `AsBytes` is not implemented for `NotZerocopy<AU16>`
  |
  = help: the following other types implement trait `AsBytes`:
            ()
            AU16
            F32<O>
            F64<O>
            I128<O>
            I16<O>
            I32<O>
            I64<O>
          and $N others
  = note: required for `AU16` to implement `TransmuteFrom<NotZerocopy<AU16>>`
note: required by a bound in `zerocopy::transmute`
 --> src/lib.rs
  |
  |     Dst: FromBytes + TransmuteFrom<Src>,
  |                      ^^^^^^^^^^^^^^^^^^ required by this bound in `transmute`
