error: FromBytes only supported on repr(u8) enum with 256 variants
   --> $DIR/enum_from_bytes_u8_too_few.rs:11:1
    |
11  | / #[repr(u8)]
12  | |
13  | | enum Foo {
14  | |     Variant0,
...   |
268 | |     Variant254,
269 | | }
    | |_^

error: aborting due to previous error

