error[E0277]: the trait bound `NotZerocopy: FromZeroes` is not satisfied
  --> tests/ui-nightly/late_compile_pass.rs:23:10
   |
23 | #[derive(FromZeroes)]
   |          ^^^^^^^^^^ the trait `FromZeroes` is not implemented for `NotZerocopy`
   |
   = help: the following other types implement trait `FromZeroes`:
             ()
             AU16
             F32<O>
             F64<O>
             FromZeroes1
             I128<O>
             I16<O>
             I32<O>
           and $N others
   = help: see issue #48214
   = help: add `#![feature(trivial_bounds)]` to the crate attributes to enable
   = note: this error originates in the derive macro `FromZeroes` (in Nightly builds, run with -Z macro-backtrace for more info)

error[E0277]: the trait bound `NotZerocopy: FromBytes` is not satisfied
  --> tests/ui-nightly/late_compile_pass.rs:32:10
   |
32 | #[derive(FromBytes)]
   |          ^^^^^^^^^ the trait `FromBytes` is not implemented for `NotZerocopy`
   |
   = help: the following other types implement trait `FromBytes`:
             ()
             AU16
             F32<O>
             F64<O>
             FromBytes1
             I128<O>
             I16<O>
             I32<O>
           and $N others
   = help: see issue #48214
   = help: add `#![feature(trivial_bounds)]` to the crate attributes to enable
   = note: this error originates in the derive macro `FromBytes` (in Nightly builds, run with -Z macro-backtrace for more info)

error[E0277]: the trait bound `FromBytes1: FromZeroes` is not satisfied
  --> tests/ui-nightly/late_compile_pass.rs:32:10
   |
32 | #[derive(FromBytes)]
   |          ^^^^^^^^^ the trait `FromZeroes` is not implemented for `FromBytes1`
   |
   = help: the following other types implement trait `FromZeroes`:
             ()
             AU16
             F32<O>
             F64<O>
             FromZeroes1
             I128<O>
             I16<O>
             I32<O>
           and $N others
note: required by a bound in `FromBytes`
  --> $WORKSPACE/src/lib.rs
   |
   | pub unsafe trait FromBytes: FromZeroes {
   |                             ^^^^^^^^^^ required by this bound in `FromBytes`
   = note: this error originates in the derive macro `FromBytes` (in Nightly builds, run with -Z macro-backtrace for more info)

error[E0277]: the trait bound `NotZerocopy: AsBytes` is not satisfied
  --> tests/ui-nightly/late_compile_pass.rs:41:10
   |
41 | #[derive(AsBytes)]
   |          ^^^^^^^ the trait `AsBytes` is not implemented for `NotZerocopy`
   |
   = help: the following other types implement trait `AsBytes`:
             ()
             AU16
             AsBytes1
             F32<O>
             F64<O>
             I128<O>
             I16<O>
             I32<O>
           and $N others
   = help: see issue #48214
   = help: add `#![feature(trivial_bounds)]` to the crate attributes to enable
   = note: this error originates in the derive macro `AsBytes` (in Nightly builds, run with -Z macro-backtrace for more info)

error[E0277]: the trait bound `AU16: Unaligned` is not satisfied
  --> tests/ui-nightly/late_compile_pass.rs:51:10
   |
51 | #[derive(Unaligned)]
   |          ^^^^^^^^^ the trait `Unaligned` is not implemented for `AU16`
   |
   = help: the following other types implement trait `Unaligned`:
             ()
             F32<O>
             F64<O>
             I128<O>
             I16<O>
             I32<O>
             I64<O>
             ManuallyDrop<T>
           and $N others
   = help: see issue #48214
   = help: add `#![feature(trivial_bounds)]` to the crate attributes to enable
   = note: this error originates in the derive macro `Unaligned` (in Nightly builds, run with -Z macro-backtrace for more info)

error[E0277]: the trait bound `AU16: Unaligned` is not satisfied
  --> tests/ui-nightly/late_compile_pass.rs:59:10
   |
59 | #[derive(Unaligned)]
   |          ^^^^^^^^^ the trait `Unaligned` is not implemented for `AU16`
   |
   = help: the following other types implement trait `Unaligned`:
             ()
             F32<O>
             F64<O>
             I128<O>
             I16<O>
             I32<O>
             I64<O>
             ManuallyDrop<T>
           and $N others
   = help: see issue #48214
   = help: add `#![feature(trivial_bounds)]` to the crate attributes to enable
   = note: this error originates in the derive macro `Unaligned` (in Nightly builds, run with -Z macro-backtrace for more info)

error[E0277]: the trait bound `AU16: Unaligned` is not satisfied
  --> tests/ui-nightly/late_compile_pass.rs:66:10
   |
66 | #[derive(Unaligned)]
   |          ^^^^^^^^^ the trait `Unaligned` is not implemented for `AU16`
   |
   = help: the following other types implement trait `Unaligned`:
             ()
             F32<O>
             F64<O>
             I128<O>
             I16<O>
             I32<O>
             I64<O>
             ManuallyDrop<T>
           and $N others
   = help: see issue #48214
   = help: add `#![feature(trivial_bounds)]` to the crate attributes to enable
   = note: this error originates in the derive macro `Unaligned` (in Nightly builds, run with -Z macro-backtrace for more info)
