error: lifetime may not live long enough
  --> tests/ui-msrv/ptr-is-invariant-over-v.rs:10:5
   |
6  | fn _when_exclusive<'big: 'small, 'small>(
   |                    ----          ------ lifetime `'small` defined here
   |                    |
   |                    lifetime `'big` defined here
...
10 |     _small = big;
   |     ^^^^^^^^^^^^ assignment requires that `'small` must outlive `'big`
   |
   = help: consider adding the following bound: `'small: 'big`
   = note: requirement occurs because of the type `Ptr<'_, Valid<&u32>, (invariant::Exclusive, Aligned)>`, which makes the generic argument `Valid<&u32>` invariant
   = note: the struct `Ptr<'a, V, I>` is invariant over the parameter `V`
   = help: see <https://doc.rust-lang.org/nomicon/subtyping.html> for more information about variance

error: lifetime may not live long enough
  --> tests/ui-msrv/ptr-is-invariant-over-v.rs:17:5
   |
13 | fn _when_shared<'big: 'small, 'small>(
   |                 ----          ------ lifetime `'small` defined here
   |                 |
   |                 lifetime `'big` defined here
...
17 |     _small = big;
   |     ^^^^^^^^^^^^ assignment requires that `'small` must outlive `'big`
   |
   = help: consider adding the following bound: `'small: 'big`
   = note: requirement occurs because of the type `Ptr<'_, Valid<&u32>, (Shared, Aligned)>`, which makes the generic argument `Valid<&u32>` invariant
   = note: the struct `Ptr<'a, V, I>` is invariant over the parameter `V`
   = help: see <https://doc.rust-lang.org/nomicon/subtyping.html> for more information about variance
