error[E0277]: the trait bound `Src: NoCell` is not satisfied
  --> tests/ui-msrv/transmute-mut-src-not-nocell.rs:24:35
   |
24 | const SRC_NOT_NO_CELL: &mut Dst = transmute_mut!(&mut Src);
   |                                   ^^^^^^^^^^^^^^^^^^^^^^^^ the trait `NoCell` is not implemented for `Src`
   |
note: required by `AssertSrcIsNoCell`
  --> tests/ui-msrv/transmute-mut-src-not-nocell.rs:24:35
   |
24 | const SRC_NOT_NO_CELL: &mut Dst = transmute_mut!(&mut Src);
   |                                   ^^^^^^^^^^^^^^^^^^^^^^^^
   = note: this error originates in the macro `transmute_mut` (in Nightly builds, run with -Z macro-backtrace for more info)

error[E0277]: the trait bound `Src: NoCell` is not satisfied
  --> tests/ui-msrv/transmute-mut-src-not-nocell.rs:24:35
   |
24 | const SRC_NOT_NO_CELL: &mut Dst = transmute_mut!(&mut Src);
   |                                   ^^^^^^^^^^^^^^^^^^^^^^^^ the trait `NoCell` is not implemented for `Src`
   |
note: required by a bound in `AssertSrcIsNoCell`
  --> tests/ui-msrv/transmute-mut-src-not-nocell.rs:24:35
   |
24 | const SRC_NOT_NO_CELL: &mut Dst = transmute_mut!(&mut Src);
   |                                   ^^^^^^^^^^^^^^^^^^^^^^^^ required by this bound in `AssertSrcIsNoCell`
   = note: this error originates in the macro `transmute_mut` (in Nightly builds, run with -Z macro-backtrace for more info)
