error[E0277]: the trait bound `Dst: FromBytes` is not satisfied
  --> tests/ui-nightly/transmute-mut-dst-not-frombytes.rs:24:38
   |
24 | const DST_NOT_FROM_BYTES: &mut Dst = transmute_mut!(&mut Src);
   |                                      ^^^^^^^^^^^^^^^^^^^^^^^^
   |                                      |
   |                                      the trait `FromBytes` is not implemented for `Dst`
   |                                      required by a bound introduced by this call
   |
   = help: the following other types implement trait `FromBytes`:
             ()
             F32<O>
             F64<O>
             I128<O>
             I16<O>
             I32<O>
             I64<O>
             ManuallyDrop<T>
           and $N others
note: required by a bound in `AssertDstIsFromBytes`
  --> tests/ui-nightly/transmute-mut-dst-not-frombytes.rs:24:38
   |
24 | const DST_NOT_FROM_BYTES: &mut Dst = transmute_mut!(&mut Src);
   |                                      ^^^^^^^^^^^^^^^^^^^^^^^^ required by this bound in `AssertDstIsFromBytes`
   = note: this error originates in the macro `transmute_mut` (in Nightly builds, run with -Z macro-backtrace for more info)
