error[E0277]: the trait bound `NotZerocopy: FromBytes` is not satisfied
  --> tests/ui-nightly/transmute-dst-not-frombytes.rs:18:41
   |
18 | const DST_NOT_FROM_BYTES: NotZerocopy = transmute!(AU16(0));
   |                                         ^^^^^^^^^^^^^^^^^^^
   |                                         |
   |                                         the trait `FromBytes` is not implemented for `NotZerocopy`
   |                                         required by a bound introduced by this call
   |
   = help: the following other types implement trait `FromBytes`:
             ()
             AU16
             F32<O>
             F64<O>
             I128<O>
             I16<O>
             I32<O>
             I64<O>
           and $N others
note: required by a bound in `AssertIsFromBytes`
  --> tests/ui-nightly/transmute-dst-not-frombytes.rs:18:41
   |
18 | const DST_NOT_FROM_BYTES: NotZerocopy = transmute!(AU16(0));
   |                                         ^^^^^^^^^^^^^^^^^^^ required by this bound in `AssertIsFromBytes`
   = note: this error originates in the macro `transmute` (in Nightly builds, run with -Z macro-backtrace for more info)
