error: unsupported on types with type parameters
  --> tests/ui/union.rs:16:10
   |
16 | #[derive(AsBytes)]
   |          ^^^^^^^
   |
   = note: this error originates in the derive macro `AsBytes` (in Nightly builds, run with -Z macro-backtrace for more info)

error: cannot derive Unaligned with repr(align(N > 1))
  --> tests/ui/union.rs:34:11
   |
34 | #[repr(C, align(2))]
   |           ^^^^^^^^

error: cannot derive Unaligned with repr(align(N > 1))
  --> tests/ui/union.rs:50:16
   |
50 | #[repr(packed, align(2))]
   |                ^^^^^^^^

error: cannot derive Unaligned with repr(align(N > 1))
  --> tests/ui/union.rs:56:18
   |
56 | #[repr(align(1), align(2))]
   |                  ^^^^^^^^

error: cannot derive Unaligned with repr(align(N > 1))
  --> tests/ui/union.rs:62:8
   |
62 | #[repr(align(2), align(4))]
   |        ^^^^^^^^

error[E0277]: the trait bound `HasPadding<AsBytes2, true>: ShouldBe<false>` is not satisfied
  --> tests/ui/union.rs:22:10
   |
22 | #[derive(AsBytes)]
   |          ^^^^^^^ the trait `ShouldBe<false>` is not implemented for `HasPadding<AsBytes2, true>`
   |
   = help: the trait `ShouldBe<VALUE>` is implemented for `HasPadding<T, VALUE>`
   = help: see issue #48214
   = help: add `#![feature(trivial_bounds)]` to the crate attributes to enable
   = note: this error originates in the derive macro `AsBytes` (in Nightly builds, run with -Z macro-backtrace for more info)
